web-1                                | 76.182.149.80 - - [25/Feb/2026:14:40:16 +0000] "GET /static/css/bootstrap.min.css HTTP/1.1" 304 0 "https://global-tapping-prolific-2.wtbw-prolific.cap-experiments.com/timeline?unique_id=66de746bcfef35f46e85ed0f:699f0122b7ed367d6b1655f7" "Mozilla/5.0 (Windows NT 10.0; Win64; x64) AppleWebKit/537.36 (KHTML, like Gecko) Chrome/145.0.0.0 Safari/537.36"
web-1                                | 76.182.149.80 - - [25/Feb/2026:14:40:16 +0000] "GET /static/css/dallinger.css HTTP/1.1" 304 0 "https://global-tapping-prolific-2.wtbw-prolific.cap-experiments.com/timeline?unique_id=66de746bcfef35f46e85ed0f:699f0122b7ed367d6b1655f7" "Mozilla/5.0 (Windows NT 10.0; Win64; x64) AppleWebKit/537.36 (KHTML, like Gecko) Chrome/145.0.0.0 Safari/537.36"
web-1                                | 76.182.149.80 - - [25/Feb/2026:14:40:16 +0000] "GET /static/scripts/spin.min.js HTTP/1.1" 304 0 "https://global-tapping-prolific-2.wtbw-prolific.cap-experiments.com/timeline?unique_id=66de746bcfef35f46e85ed0f:699f0122b7ed367d6b1655f7" "Mozilla/5.0 (Windows NT 10.0; Win64; x64) AppleWebKit/537.36 (KHTML, like Gecko) Chrome/145.0.0.0 Safari/537.36"
web-1                                | 76.182.149.80 - - [25/Feb/2026:14:40:16 +0000] "GET /static/scripts/store+json2.min.js HTTP/1.1" 304 0 "https://global-tapping-prolific-2.wtbw-prolific.cap-experiments.com/timeline?unique_id=66de746bcfef35f46e85ed0f:699f0122b7ed367d6b1655f7" "Mozilla/5.0 (Windows NT 10.0; Win64; x64) AppleWebKit/537.36 (KHTML, like Gecko) Chrome/145.0.0.0 Safari/537.36"
web-1                                | 76.182.149.80 - - [25/Feb/2026:14:40:16 +0000] "GET /static/scripts/dallinger2.js HTTP/1.1" 304 0 "https://global-tapping-prolific-2.wtbw-prolific.cap-experiments.com/timeline?unique_id=66de746bcfef35f46e85ed0f:699f0122b7ed367d6b1655f7" "Mozilla/5.0 (Windows NT 10.0; Win64; x64) AppleWebKit/537.36 (KHTML, like Gecko) Chrome/145.0.0.0 Safari/537.36"
web-1                                | 76.182.149.80 - - [25/Feb/2026:14:40:16 +0000] "GET /static/scripts/fingerprintjs2/1.5.1/fingerprint2.min.js HTTP/1.1" 304 0 "https://global-tapping-prolific-2.wtbw-prolific.cap-experiments.com/timeline?unique_id=66de746bcfef35f46e85ed0f:699f0122b7ed367d6b1655f7" "Mozilla/5.0 (Windows NT 10.0; Win64; x64) AppleWebKit/537.36 (KHTML, like Gecko) Chrome/145.0.0.0 Safari/537.36"
web-1                                | 76.182.149.80 - - [25/Feb/2026:14:40:16 +0000] "GET /static/scripts/reconnecting-websocket.js HTTP/1.1" 304 0 "https://global-tapping-prolific-2.wtbw-prolific.cap-experiments.com/timeline?unique_id=66de746bcfef35f46e85ed0f:699f0122b7ed367d6b1655f7" "Mozilla/5.0 (Windows NT 10.0; Win64; x64) AppleWebKit/537.36 (KHTML, like Gecko) Chrome/145.0.0.0 Safari/537.36"
web-1                                | 76.182.149.80 - - [25/Feb/2026:14:40:16 +0000] "GET /static/scripts/survey-jquery/survey-jquery.js HTTP/1.1" 304 0 "https://global-tapping-prolific-2.wtbw-prolific.cap-experiments.com/timeline?unique_id=66de746bcfef35f46e85ed0f:699f0122b7ed367d6b1655f7" "Mozilla/5.0 (Windows NT 10.0; Win64; x64) AppleWebKit/537.36 (KHTML, like Gecko) Chrome/145.0.0.0 Safari/537.36"
web-1                                | 76.182.149.80 - - [25/Feb/2026:14:40:16 +0000] "GET /static/css/fonts/font-files/Inter-Light.woff2 HTTP/1.1" 304 0 "https://global-tapping-prolific-2.wtbw-prolific.cap-experiments.com/timeline?unique_id=66de746bcfef35f46e85ed0f:699f0122b7ed367d6b1655f7" "Mozilla/5.0 (Windows NT 10.0; Win64; x64) AppleWebKit/537.36 (KHTML, like Gecko) Chrome/145.0.0.0 Safari/537.36"
web-1                                | 76.182.149.80 - - [25/Feb/2026:14:40:16 +0000] "GET /static/css/fonts/font-files/Inter-Regular.woff2 HTTP/1.1" 304 0 "https://global-tapping-prolific-2.wtbw-prolific.cap-experiments.com/timeline?unique_id=66de746bcfef35f46e85ed0f:699f0122b7ed367d6b1655f7" "Mozilla/5.0 (Windows NT 10.0; Win64; x64) AppleWebKit/537.36 (KHTML, like Gecko) Chrome/145.0.0.0 Safari/537.36"
web-1                                | 76.182.149.80 - - [25/Feb/2026:14:40:16 +0000] "GET /static/css/fonts/font-files/Inter-Bold.woff2 HTTP/1.1" 304 0 "https://global-tapping-prolific-2.wtbw-prolific.cap-experiments.com/timeline?unique_id=66de746bcfef35f46e85ed0f:699f0122b7ed367d6b1655f7" "Mozilla/5.0 (Windows NT 10.0; Win64; x64) AppleWebKit/537.36 (KHTML, like Gecko) Chrome/145.0.0.0 Safari/537.36"
worker_1-1                           | 2026-02-25 21:26:19,917 We found no assignment data for participant 83 with assignment ID 699990011653466528fe12b8 on Prolific!
worker_1-1                           | 2026-02-25 21:26:19,917 We found no assignment data for participant 87 with assignment ID 6999a9a04e7d4201bdd7e059 on Prolific!
web-1                                | 76.182.149.80 - - [25/Feb/2026:14:40:16 +0000] "GET /static/css/fonts/font-files/Inter-Medium.woff2 HTTP/1.1" 304 0 "https://global-tapping-prolific-2.wtbw-prolific.cap-experiments.com/timeline?unique_id=66de746bcfef35f46e85ed0f:699f0122b7ed367d6b1655f7" "Mozilla/5.0 (Windows NT 10.0; Win64; x64) AppleWebKit/537.36 (KHTML, like Gecko) Chrome/145.0.0.0 Safari/537.36"
web-1                                | 76.182.149.80 - - [25/Feb/2026:14:40:17 +0000] "GET /timeline/progress_and_reward?participantId=165 HTTP/1.1" 200 56 "https://global-tapping-prolific-2.wtbw-prolific.cap-experiments.com/timeline?unique_id=66de746bcfef35f46e85ed0f:699f0122b7ed367d6b1655f7" "Mozilla/5.0 (Windows NT 10.0; Win64; x64) AppleWebKit/537.36 (KHTML, like Gecko) Chrome/145.0.0.0 Safari/537.36"
redis_global-tapping-prolific-2-1    | 1:M 25 Feb 2026 09:21:15.037 * Background saving started by pid 1703549
web-1                                | 76.182.149.80 - - [25/Feb/2026:14:40:18 +0000] "GET /static/favicon.png HTTP/1.1" 304 0 "https://global-tapping-prolific-2.wtbw-prolific.cap-experiments.com/timeline?unique_id=66de746bcfef35f46e85ed0f:699f0122b7ed367d6b1655f7" "Mozilla/5.0 (Windows NT 10.0; Win64; x64) AppleWebKit/537.36 (KHTML, like Gecko) Chrome/145.0.0.0 Safari/537.36"
web-1                                | 2026-02-25 14:40:21,072 Received a response from participant 165 on page ab85e8dd-0866-6944-eecc-7e7d8eb40e48.
web-1                                | 76.182.149.80 - - [25/Feb/2026:14:40:21 +0000] "POST /response HTTP/1.1" 200 285 "https://global-tapping-prolific-2.wtbw-prolific.cap-experiments.com/timeline?unique_id=66de746bcfef35f46e85ed0f:699f0122b7ed367d6b1655f7" "Mozilla/5.0 (Windows NT 10.0; Win64; x64) AppleWebKit/537.36 (KHTML, like Gecko) Chrome/145.0.0.0 Safari/537.36"
worker_1-1                           | 2026-02-25 21:26:19,917 We found no assignment data for participant 149 with assignment ID 699eafa75bd737a427dff5ad on Prolific!
web-1                                | 76.182.149.80 - - [25/Feb/2026:14:40:21 +0000] "GET /timeline?unique_id=66de746bcfef35f46e85ed0f:699f0122b7ed367d6b1655f7 HTTP/1.1" 200 143815 "https://global-tapping-prolific-2.wtbw-prolific.cap-experiments.com/timeline?unique_id=66de746bcfef35f46e85ed0f:699f0122b7ed367d6b1655f7" "Mozilla/5.0 (Windows NT 10.0; Win64; x64) AppleWebKit/537.36 (KHTML, like Gecko) Chrome/145.0.0.0 Safari/537.36"
worker_1-1                           | 2026-02-25 21:26:19,917 We found no assignment data for participant 136 with assignment ID 699e6284c04381423817514c on Prolific!
web-1                                | 76.182.149.80 - - [25/Feb/2026:14:40:21 +0000] "GET /static/scripts/platform.min.js HTTP/1.1" 304 0 "https://global-tapping-prolific-2.wtbw-prolific.cap-experiments.com/timeline?unique_id=66de746bcfef35f46e85ed0f:699f0122b7ed367d6b1655f7" "Mozilla/5.0 (Windows NT 10.0; Win64; x64) AppleWebKit/537.36 (KHTML, like Gecko) Chrome/145.0.0.0 Safari/537.36"
worker_1-1                           | 2026-02-25 21:26:19,917 We found no assignment data for participant 100 with assignment ID 6999e361b7801a75e94b34f0 on Prolific!
web-1                                | 76.182.149.80 - - [25/Feb/2026:14:40:21 +0000] "GET /static/scripts/detectIncognito.min.js HTTP/1.1" 304 0 "https://global-tapping-prolific-2.wtbw-prolific.cap-experiments.com/timeline?unique_id=66de746bcfef35f46e85ed0f:699f0122b7ed367d6b1655f7" "Mozilla/5.0 (Windows NT 10.0; Win64; x64) AppleWebKit/537.36 (KHTML, like Gecko) Chrome/145.0.0.0 Safari/537.36"
worker_1-1                           | 2026-02-25 21:26:19,917 We found no assignment data for participant 61 with assignment ID 69990c648b4989af6584df18 on Prolific!
web-1                                | 76.182.149.80 - - [25/Feb/2026:14:40:21 +0000] "GET /static/scripts/JSZip/jszip.min.js HTTP/1.1" 304 0 "https://global-tapping-prolific-2.wtbw-prolific.cap-experiments.com/timeline?unique_id=66de746bcfef35f46e85ed0f:699f0122b7ed367d6b1655f7" "Mozilla/5.0 (Windows NT 10.0; Win64; x64) AppleWebKit/537.36 (KHTML, like Gecko) Chrome/145.0.0.0 Safari/537.36"
global-tapping-prolific-2_pgbouncer  | 2026-02-25 11:16:10.465 UTC [1] LOG stats: 3 xacts/s, 17 queries/s, 0 client parses/s, 0 server parses/s, 0 binds/s, in 18170 B/s, out 34962 B/s, xact 48542 us, query 380 us, wait 4 us
global-tapping-prolific-2_pgbouncer  | 2026-02-25 11:16:20.970 UTC [1] LOG S-0x56e080d649d0: global-tapping-prolific-2/global-tapping-prolific-2@172.18.0.2:5432 closing because: server idle timeout (age=1740s)
web-1                                | 76.182.149.80 - - [25/Feb/2026:14:40:21 +0000] "GET /static/css/fonts/inter.css HTTP/1.1" 304 0 "https://global-tapping-prolific-2.wtbw-prolific.cap-experiments.com/timeline?unique_id=66de746bcfef35f46e85ed0f:699f0122b7ed367d6b1655f7" "Mozilla/5.0 (Windows NT 10.0; Win64; x64) AppleWebKit/537.36 (KHTML, like Gecko) Chrome/145.0.0.0 Safari/537.36"
global-tapping-prolific-2_pgbouncer  | 2026-02-25 11:16:50.735 UTC [1] LOG S-0x56e080d649d0: global-tapping-prolific-2/global-tapping-prolific-2@172.18.0.2:5432 new connection to server (from 172.18.0.11:37290)
worker_1-1                           | 2026-02-25 21:26:19,917 We found no assignment data for participant 96 with assignment ID 6999d3db3f5fbbad014dca60 on Prolific!
global-tapping-prolific-2_pgbouncer  | 2026-02-25 11:17:10.466 UTC [1] LOG stats: 3 xacts/s, 17 queries/s, 0 client parses/s, 0 server parses/s, 0 binds/s, in 18928 B/s, out 37007 B/s, xact 63357 us, query 400 us, wait 2 us
worker_1-1                           | 2026-02-25 21:26:19,917 We found no assignment data for participant 80 with assignment ID 699980ae6a41393bebd414a7 on Prolific!
global-tapping-prolific-2_pgbouncer  | 2026-02-25 11:18:10.465 UTC [1] LOG stats: 3 xacts/s, 9 queries/s, 0 client parses/s, 0 server parses/s, 0 binds/s, in 9588 B/s, out 22839 B/s, xact 31623 us, query 359 us, wait 0 us
worker_1-1                           | 2026-02-25 21:26:19,917 We found no assignment data for participant 91 with assignment ID 6999b63ae434fec62e872991 on Prolific!
global-tapping-prolific-2_pgbouncer  | 2026-02-25 11:18:20.969 UTC [1] LOG S-0x56e080d64c90: global-tapping-prolific-2/global-tapping-prolific-2@172.18.0.2:5432 closing because: server idle timeout (age=182s)
global-tapping-prolific-2_pgbouncer  | 2026-02-25 11:19:10.465 UTC [1] LOG stats: 3 xacts/s, 12 queries/s, 0 client parses/s, 0 server parses/s, 0 binds/s, in 12813 B/s, out 26807 B/s, xact 46350 us, query 362 us, wait 0 us
global-tapping-prolific-2_pgbouncer  | 2026-02-25 11:20:10.466 UTC [1] LOG stats: 3 xacts/s, 12 queries/s, 0 client parses/s, 0 server parses/s, 0 binds/s, in 12795 B/s, out 26907 B/s, xact 41200 us, query 374 us, wait 0 us
web-1                                | 76.182.149.80 - - [25/Feb/2026:14:40:21 +0000] "GET /static/scripts/jquery-3.7.1.min.js HTTP/1.1" 304 0 "https://global-tapping-prolific-2.wtbw-prolific.cap-experiments.com/timeline?unique_id=66de746bcfef35f46e85ed0f:699f0122b7ed367d6b1655f7" "Mozilla/5.0 (Windows NT 10.0; Win64; x64) AppleWebKit/537.36 (KHTML, like Gecko) Chrome/145.0.0.0 Safari/537.36"
worker_1-1                           | 2026-02-25 21:26:19,917 We found no assignment data for participant 133 with assignment ID 699e5c04cf02b523822f0251 on Prolific!
worker_1-1                           | 2026-02-25 21:26:19,918 We found no assignment data for participant 88 with assignment ID 6999aad925590ac19a0b9655 on Prolific!
web-1                                | 76.182.149.80 - - [25/Feb/2026:14:40:21 +0000] "GET /static/css/dallinger.css HTTP/1.1" 304 0 "https://global-tapping-prolific-2.wtbw-prolific.cap-experiments.com/timeline?unique_id=66de746bcfef35f46e85ed0f:699f0122b7ed367d6b1655f7" "Mozilla/5.0 (Windows NT 10.0; Win64; x64) AppleWebKit/537.36 (KHTML, like Gecko) Chrome/145.0.0.0 Safari/537.36"
worker_1-1                           | 2026-02-25 21:26:19,918 We found no assignment data for participant 124 with assignment ID 699e30ac254cefd2b8d06bc2 on Prolific!
web-1                                | 76.182.149.80 - - [25/Feb/2026:14:40:21 +0000] "GET /static/css/bootstrap.min.css HTTP/1.1" 304 0 "https://global-tapping-prolific-2.wtbw-prolific.cap-experiments.com/timeline?unique_id=66de746bcfef35f46e85ed0f:699f0122b7ed367d6b1655f7" "Mozilla/5.0 (Windows NT 10.0; Win64; x64) AppleWebKit/537.36 (KHTML, like Gecko) Chrome/145.0.0.0 Safari/537.36"
worker_1-1                           | 2026-02-25 21:26:19,918 We found no assignment data for participant 151 with assignment ID 699eb6a26569ff12d64b4a61 on Prolific!
web-1                                | 76.182.149.80 - - [25/Feb/2026:14:40:21 +0000] "GET /static/scripts/reqwest.min.js HTTP/1.1" 304 0 "https://global-tapping-prolific-2.wtbw-prolific.cap-experiments.com/timeline?unique_id=66de746bcfef35f46e85ed0f:699f0122b7ed367d6b1655f7" "Mozilla/5.0 (Windows NT 10.0; Win64; x64) AppleWebKit/537.36 (KHTML, like Gecko) Chrome/145.0.0.0 Safari/537.36"
worker_1-1                           | 2026-02-25 21:26:19,918 We found no assignment data for participant 135 with assignment ID 699e6157997465cae6486403 on Prolific!
web-1                                | 76.182.149.80 - - [25/Feb/2026:14:40:21 +0000] "GET /static/scripts/fingerprintjs2/1.5.1/fingerprint2.min.js HTTP/1.1" 304 0 "https://global-tapping-prolific-2.wtbw-prolific.cap-experiments.com/timeline?unique_id=66de746bcfef35f46e85ed0f:699f0122b7ed367d6b1655f7" "Mozilla/5.0 (Windows NT 10.0; Win64; x64) AppleWebKit/537.36 (KHTML, like Gecko) Chrome/145.0.0.0 Safari/537.36"
worker_1-1                           | 2026-02-25 21:26:19,918 We found no assignment data for participant 140 with assignment ID 699e7259786b85688bffd5f6 on Prolific!
web-1                                | 76.182.149.80 - - [25/Feb/2026:14:40:21 +0000] "GET /static/scripts/store+json2.min.js HTTP/1.1" 304 0 "https://global-tapping-prolific-2.wtbw-prolific.cap-experiments.com/timeline?unique_id=66de746bcfef35f46e85ed0f:699f0122b7ed367d6b1655f7" "Mozilla/5.0 (Windows NT 10.0; Win64; x64) AppleWebKit/537.36 (KHTML, like Gecko) Chrome/145.0.0.0 Safari/537.36"
web-1                                | 76.182.149.80 - - [25/Feb/2026:14:40:21 +0000] "GET /static/scripts/dallinger2.js HTTP/1.1" 304 0 "https://global-tapping-prolific-2.wtbw-prolific.cap-experiments.com/timeline?unique_id=66de746bcfef35f46e85ed0f:699f0122b7ed367d6b1655f7" "Mozilla/5.0 (Windows NT 10.0; Win64; x64) AppleWebKit/537.36 (KHTML, like Gecko) Chrome/145.0.0.0 Safari/537.36"
web-1                                | 76.182.149.80 - - [25/Feb/2026:14:40:21 +0000] "GET /static/scripts/spin.min.js HTTP/1.1" 304 0 "https://global-tapping-prolific-2.wtbw-prolific.cap-experiments.com/timeline?unique_id=66de746bcfef35f46e85ed0f:699f0122b7ed367d6b1655f7" "Mozilla/5.0 (Windows NT 10.0; Win64; x64) AppleWebKit/537.36 (KHTML, like Gecko) Chrome/145.0.0.0 Safari/537.36"
web-1                                | 76.182.149.80 - - [25/Feb/2026:14:40:21 +0000] "GET /static/scripts/reconnecting-websocket.js HTTP/1.1" 304 0 "https://global-tapping-prolific-2.wtbw-prolific.cap-experiments.com/timeline?unique_id=66de746bcfef35f46e85ed0f:699f0122b7ed367d6b1655f7" "Mozilla/5.0 (Windows NT 10.0; Win64; x64) AppleWebKit/537.36 (KHTML, like Gecko) Chrome/145.0.0.0 Safari/537.36"
redis_global-tapping-prolific-2-1    | 1703549:C 25 Feb 2026 09:21:15.038 * BGSAVE done, 64 keys saved, 0 keys skipped, 18622 bytes written.
redis_global-tapping-prolific-2-1    | 1703549:C 25 Feb 2026 09:21:15.041 * DB saved on disk
redis_global-tapping-prolific-2-1    | 1703549:C 25 Feb 2026 09:21:15.041 * Fork CoW for RDB: current 0 MB, peak 0 MB, average 0 MB
redis_global-tapping-prolific-2-1    | 1:M 25 Feb 2026 09:21:15.137 * Background saving terminated with success
redis_global-tapping-prolific-2-1    | 1:M 25 Feb 2026 09:26:16.001 * 100 changes in 300 seconds. Saving...
redis_global-tapping-prolific-2-1    | 1:M 25 Feb 2026 09:26:16.001 * Background saving started by pid 1704597
redis_global-tapping-prolific-2-1    | 1704597:C 25 Feb 2026 09:26:16.003 * BGSAVE done, 62 keys saved, 0 keys skipped, 17332 bytes written.
redis_global-tapping-prolific-2-1    | 1704597:C 25 Feb 2026 09:26:16.007 * DB saved on disk
redis_global-tapping-prolific-2-1    | 1704597:C 25 Feb 2026 09:26:16.007 * Fork CoW for RDB: current 0 MB, peak 0 MB, average 0 MB
redis_global-tapping-prolific-2-1    | 1:M 25 Feb 2026 09:26:16.102 * Background saving terminated with success
redis_global-tapping-prolific-2-1    | 1:M 25 Feb 2026 09:31:17.078 * 100 changes in 300 seconds. Saving...
web-1                                | 76.182.149.80 - - [25/Feb/2026:14:40:21 +0000] "GET /static/scripts/survey-jquery/survey-jquery.js HTTP/1.1" 304 0 "https://global-tapping-prolific-2.wtbw-prolific.cap-experiments.com/timeline?unique_id=66de746bcfef35f46e85ed0f:699f0122b7ed367d6b1655f7" "Mozilla/5.0 (Windows NT 10.0; Win64; x64) AppleWebKit/537.36 (KHTML, like Gecko) Chrome/145.0.0.0 Safari/537.36"
redis_global-tapping-prolific-2-1    | 1:M 25 Feb 2026 09:31:17.079 * Background saving started by pid 1705648
web-1                                | 76.182.149.80 - - [25/Feb/2026:14:40:21 +0000] "GET /static/css/fonts/font-files/Inter-Bold.woff2 HTTP/1.1" 304 0 "https://global-tapping-prolific-2.wtbw-prolific.cap-experiments.com/timeline?unique_id=66de746bcfef35f46e85ed0f:699f0122b7ed367d6b1655f7" "Mozilla/5.0 (Windows NT 10.0; Win64; x64) AppleWebKit/537.36 (KHTML, like Gecko) Chrome/145.0.0.0 Safari/537.36"
redis_global-tapping-prolific-2-1    | 1705648:C 25 Feb 2026 09:31:17.080 * BGSAVE done, 62 keys saved, 0 keys skipped, 17974 bytes written.
web-1                                | 76.182.149.80 - - [25/Feb/2026:14:40:21 +0000] "GET /static/css/fonts/font-files/Inter-Regular.woff2 HTTP/1.1" 304 0 "https://global-tapping-prolific-2.wtbw-prolific.cap-experiments.com/timeline?unique_id=66de746bcfef35f46e85ed0f:699f0122b7ed367d6b1655f7" "Mozilla/5.0 (Windows NT 10.0; Win64; x64) AppleWebKit/537.36 (KHTML, like Gecko) Chrome/145.0.0.0 Safari/537.36"
redis_global-tapping-prolific-2-1    | 1705648:C 25 Feb 2026 09:31:17.083 * DB saved on disk
web-1                                | 76.182.149.80 - - [25/Feb/2026:14:40:21 +0000] "GET /static/css/fonts/font-files/Inter-Medium.woff2 HTTP/1.1" 304 0 "https://global-tapping-prolific-2.wtbw-prolific.cap-experiments.com/timeline?unique_id=66de746bcfef35f46e85ed0f:699f0122b7ed367d6b1655f7" "Mozilla/5.0 (Windows NT 10.0; Win64; x64) AppleWebKit/537.36 (KHTML, like Gecko) Chrome/145.0.0.0 Safari/537.36"
redis_global-tapping-prolific-2-1    | 1705648:C 25 Feb 2026 09:31:17.083 * Fork CoW for RDB: current 0 MB, peak 0 MB, average 0 MB
web-1                                | 76.182.149.80 - - [25/Feb/2026:14:40:21 +0000] "GET /static/css/fonts/font-files/Inter-Light.woff2 HTTP/1.1" 304 0 "https://global-tapping-prolific-2.wtbw-prolific.cap-experiments.com/timeline?unique_id=66de746bcfef35f46e85ed0f:699f0122b7ed367d6b1655f7" "Mozilla/5.0 (Windows NT 10.0; Win64; x64) AppleWebKit/537.36 (KHTML, like Gecko) Chrome/145.0.0.0 Safari/537.36"
redis_global-tapping-prolific-2-1    | 1:M 25 Feb 2026 09:31:17.179 * Background saving terminated with success
web-1                                | 76.182.149.80 - - [25/Feb/2026:14:40:24 +0000] "GET /timeline/progress_and_reward?participantId=165 HTTP/1.1" 200 56 "https://global-tapping-prolific-2.wtbw-prolific.cap-experiments.com/timeline?unique_id=66de746bcfef35f46e85ed0f:699f0122b7ed367d6b1655f7" "Mozilla/5.0 (Windows NT 10.0; Win64; x64) AppleWebKit/537.36 (KHTML, like Gecko) Chrome/145.0.0.0 Safari/537.36"
worker_1-1                           | 2026-02-25 21:26:19,918 We found no assignment data for participant 117 with assignment ID 699e0841130b093400259193 on Prolific!
web-1                                | 76.182.149.80 - - [25/Feb/2026:14:40:24 +0000] "GET /static/favicon.png HTTP/1.1" 304 0 "https://global-tapping-prolific-2.wtbw-prolific.cap-experiments.com/timeline?unique_id=66de746bcfef35f46e85ed0f:699f0122b7ed367d6b1655f7" "Mozilla/5.0 (Windows NT 10.0; Win64; x64) AppleWebKit/537.36 (KHTML, like Gecko) Chrome/145.0.0.0 Safari/537.36"
worker_1-1                           | 2026-02-25 21:26:19,918 We found no assignment data for participant 109 with assignment ID 699dcc92295e29bed7cd6931 on Prolific!
redis_global-tapping-prolific-2-1    | 1:M 25 Feb 2026 09:36:18.066 * 100 changes in 300 seconds. Saving...
worker_1-1                           | 2026-02-25 21:26:19,918 We found no assignment data for participant 113 with assignment ID 699deba7e8611754148db080 on Prolific!
redis_global-tapping-prolific-2-1    | 1:M 25 Feb 2026 09:36:18.066 * Background saving started by pid 1706692
worker_1-1                           | 2026-02-25 21:26:19,918 We found no assignment data for participant 164 with assignment ID 699efc05bf0d6fc353a8b7f3 on Prolific!
redis_global-tapping-prolific-2-1    | 1706692:C 25 Feb 2026 09:36:18.068 * BGSAVE done, 65 keys saved, 0 keys skipped, 18630 bytes written.
worker_1-1                           | 2026-02-25 21:26:19,918 We found no assignment data for participant 75 with assignment ID 69995b6e2084d7284a0af015 on Prolific!
redis_global-tapping-prolific-2-1    | 1706692:C 25 Feb 2026 09:36:18.074 * DB saved on disk
worker_1-1                           | 2026-02-25 21:26:19,918 We found no assignment data for participant 79 with assignment ID 69996edd9fc62a2271f3b754 on Prolific!
redis_global-tapping-prolific-2-1    | 1706692:C 25 Feb 2026 09:36:18.075 * Fork CoW for RDB: current 0 MB, peak 0 MB, average 0 MB
worker_1-1                           | 2026-02-25 21:26:19,918 We found no assignment data for participant 137 with assignment ID 699e64188a4bce2f91c702bd on Prolific!
redis_global-tapping-prolific-2-1    | 1:M 25 Feb 2026 09:36:18.167 * Background saving terminated with success
worker_1-1                           | 2026-02-25 21:26:19,918 We found no assignment data for participant 121 with assignment ID 699e2456d38c56b7cc11d83c on Prolific!
redis_global-tapping-prolific-2-1    | 1:M 25 Feb 2026 09:41:19.046 * 100 changes in 300 seconds. Saving...
worker_1-1                           | 2026-02-25 21:26:19,918 We found no assignment data for participant 105 with assignment ID 699a099c05c69e4cb48c416d on Prolific!
redis_global-tapping-prolific-2-1    | 1:M 25 Feb 2026 09:41:19.046 * Background saving started by pid 1707739
worker_1-1                           | 2026-02-25 21:26:19,918 We found no assignment data for participant 69 with assignment ID 69993869a3833f8590cee245 on Prolific!
redis_global-tapping-prolific-2-1    | 1707739:C 25 Feb 2026 09:41:19.048 * BGSAVE done, 69 keys saved, 0 keys skipped, 20590 bytes written.
worker_1-1                           | 2026-02-25 21:26:19,918 We found no assignment data for participant 131 with assignment ID 699e4f3002325af46e7ec832 on Prolific!
redis_global-tapping-prolific-2-1    | 1707739:C 25 Feb 2026 09:41:19.054 * DB saved on disk
worker_1-1                           | 2026-02-25 21:26:19,918 We found no assignment data for participant 125 with assignment ID 699e3400afa1cb1e9c485a32 on Prolific!
redis_global-tapping-prolific-2-1    | 1707739:C 25 Feb 2026 09:41:19.054 * Fork CoW for RDB: current 0 MB, peak 0 MB, average 0 MB
worker_1-1                           | 2026-02-25 21:26:19,918 We found no assignment data for participant 126 with assignment ID 699e3a17e3f5d11512431c28 on Prolific!
redis_global-tapping-prolific-2-1    | 1:M 25 Feb 2026 09:41:19.147 * Background saving terminated with success
redis_global-tapping-prolific-2-1    | 1:M 25 Feb 2026 09:46:20.021 * 100 changes in 300 seconds. Saving...
worker_1-1                           | 2026-02-25 21:26:19,918 We found no assignment data for participant 165 with assignment ID 699f0122b7ed367d6b1655f7 on Prolific!
redis_global-tapping-prolific-2-1    | 1:M 25 Feb 2026 09:46:20.021 * Background saving started by pid 1708788
worker_1-1                           | 2026-02-25 21:26:19,918 We found no assignment data for participant 106 with assignment ID 699b422e4509488e94f1722f on Prolific!
redis_global-tapping-prolific-2-1    | 1708788:C 25 Feb 2026 09:46:20.023 * BGSAVE done, 66 keys saved, 0 keys skipped, 18810 bytes written.
worker_1-1                           | 2026-02-25 21:26:19,918 We found no assignment data for participant 110 with assignment ID 699dda12ecdd2a07a3b26170 on Prolific!
redis_global-tapping-prolific-2-1    | 1708788:C 25 Feb 2026 09:46:20.025 * DB saved on disk
redis_global-tapping-prolific-2-1    | 1708788:C 25 Feb 2026 09:46:20.026 * Fork CoW for RDB: current 0 MB, peak 0 MB, average 0 MB
redis_global-tapping-prolific-2-1    | 1:M 25 Feb 2026 09:46:20.121 * Background saving terminated with success
worker_1-1                           | 2026-02-25 21:26:19,918 We found no assignment data for participant 97 with assignment ID 6999d5084cbdfd10e27dfe30 on Prolific!
worker_1-1                           | 2026-02-25 21:26:19,918 We found no assignment data for participant 146 with assignment ID 699e958b722b5a933c4d76f0 on Prolific!
global-tapping-prolific-2_pgbouncer  | 2026-02-25 11:20:20.737 UTC [1] LOG S-0x56e080d64c90: global-tapping-prolific-2/global-tapping-prolific-2@172.18.0.2:5432 new connection to server (from 172.18.0.11:50366)
worker_1-1                           | 2026-02-25 21:26:19,918 We found no assignment data for participant 143 with assignment ID 699e88511b3a822180024f27 on Prolific!
global-tapping-prolific-2_pgbouncer  | 2026-02-25 11:21:10.466 UTC [1] LOG stats: 3 xacts/s, 12 queries/s, 0 client parses/s, 0 server parses/s, 0 binds/s, in 12796 B/s, out 26938 B/s, xact 40989 us, query 357 us, wait 9 us
worker_1-1                           | 2026-02-25 21:26:19,918 We found no assignment data for participant 114 with assignment ID 699df90877de0316965e0d88 on Prolific!
worker_1-1                           | 2026-02-25 21:26:19,918 We found no assignment data for participant 138 with assignment ID 699e64f46cd037d7fe390acb on Prolific!
global-tapping-prolific-2_pgbouncer  | 2026-02-25 11:21:20.969 UTC [1] LOG S-0x56e080d64c90: global-tapping-prolific-2/global-tapping-prolific-2@172.18.0.2:5432 closing because: server idle timeout (age=60s)
worker_1-1                           | 2026-02-25 21:26:19,918 We found no assignment data for participant 127 with assignment ID 699e3a7c264baa2ba4deb23d on Prolific!
global-tapping-prolific-2_pgbouncer  | 2026-02-25 11:21:20.969 UTC [1] LOG S-0x56e080d65d10: global-tapping-prolific-2/global-tapping-prolific-2@172.18.0.2:5432 closing because: server idle timeout (age=780s)
worker_1-1                           | 2026-02-25 21:26:19,918 We found no assignment data for participant 156 with assignment ID 699ecd6872edabe4e240870c on Prolific!
global-tapping-prolific-2_pgbouncer  | 2026-02-25 11:22:10.465 UTC [1] LOG stats: 3 xacts/s, 9 queries/s, 0 client parses/s, 0 server parses/s, 0 binds/s, in 9588 B/s, out 22809 B/s, xact 27116 us, query 350 us, wait 0 us
web-1                                | 2026-02-25 14:40:29,252 Received a response from participant 165 on page 8ca37e76-b70c-771c-3519-e05d85f2f211.
global-tapping-prolific-2_pgbouncer  | 2026-02-25 11:22:18.232 UTC [1] LOG S-0x56e080d65d10: global-tapping-prolific-2/global-tapping-prolific-2@172.18.0.2:5432 new connection to server (from 172.18.0.11:52398)
web-1                                | 76.182.149.80 - - [25/Feb/2026:14:40:29 +0000] "POST /response HTTP/1.1" 200 290 "https://global-tapping-prolific-2.wtbw-prolific.cap-experiments.com/timeline?unique_id=66de746bcfef35f46e85ed0f:699f0122b7ed367d6b1655f7" "Mozilla/5.0 (Windows NT 10.0; Win64; x64) AppleWebKit/537.36 (KHTML, like Gecko) Chrome/145.0.0.0 Safari/537.36"
global-tapping-prolific-2_pgbouncer  | 2026-02-25 11:22:18.733 UTC [1] LOG S-0x56e080d64c90: global-tapping-prolific-2/global-tapping-prolific-2@172.18.0.2:5432 new connection to server (from 172.18.0.11:52408)
global-tapping-prolific-2_pgbouncer  | 2026-02-25 11:22:20.740 UTC [1] LOG S-0x56e080d64710: global-tapping-prolific-2/global-tapping-prolific-2@172.18.0.2:5432 new connection to server (from 172.18.0.11:52422)
global-tapping-prolific-2_pgbouncer  | 2026-02-25 11:23:10.465 UTC [1] LOG stats: 3 xacts/s, 12 queries/s, 0 client parses/s, 0 server parses/s, 0 binds/s, in 12798 B/s, out 27038 B/s, xact 47593 us, query 402 us, wait 42 us
global-tapping-prolific-2_pgbouncer  | 2026-02-25 11:23:20.968 UTC [1] LOG S-0x56e080d65a50: global-tapping-prolific-2/global-tapping-prolific-2@172.18.0.2:5432 closing because: server idle timeout (age=1500s)
global-tapping-prolific-2_pgbouncer  | 2026-02-25 11:24:10.465 UTC [1] LOG stats: 3 xacts/s, 12 queries/s, 0 client parses/s, 0 server parses/s, 0 binds/s, in 12796 B/s, out 27205 B/s, xact 42698 us, query 389 us, wait 1 us
global-tapping-prolific-2_pgbouncer  | 2026-02-25 11:24:20.969 UTC [1] LOG S-0x56e080d64f50: global-tapping-prolific-2/global-tapping-prolific-2@172.18.0.2:5432 closing because: server idle timeout (age=3000s)
global-tapping-prolific-2_pgbouncer  | 2026-02-25 11:25:10.466 UTC [1] LOG stats: 3 xacts/s, 12 queries/s, 0 client parses/s, 0 server parses/s, 0 binds/s, in 12802 B/s, out 27243 B/s, xact 39629 us, query 368 us, wait 0 us
global-tapping-prolific-2_pgbouncer  | 2026-02-25 11:26:10.465 UTC [1] LOG stats: 3 xacts/s, 12 queries/s, 0 client parses/s, 0 server parses/s, 0 binds/s, in 12779 B/s, out 27364 B/s, xact 39478 us, query 365 us, wait 0 us
global-tapping-prolific-2_pgbouncer  | 2026-02-25 11:27:10.466 UTC [1] LOG stats: 3 xacts/s, 9 queries/s, 0 client parses/s, 0 server parses/s, 0 binds/s, in 9588 B/s, out 22810 B/s, xact 27165 us, query 361 us, wait 0 us
global-tapping-prolific-2_pgbouncer  | 2026-02-25 11:27:20.737 UTC [1] LOG S-0x56e080d64f50: global-tapping-prolific-2/global-tapping-prolific-2@172.18.0.2:5432 new connection to server (from 172.18.0.11:60764)
global-tapping-prolific-2_pgbouncer  | 2026-02-25 11:28:10.465 UTC [1] LOG stats: 3 xacts/s, 12 queries/s, 0 client parses/s, 0 server parses/s, 0 binds/s, in 12867 B/s, out 27357 B/s, xact 41652 us, query 391 us, wait 30 us
global-tapping-prolific-2_pgbouncer  | 2026-02-25 11:29:10.465 UTC [1] LOG stats: 3 xacts/s, 12 queries/s, 0 client parses/s, 0 server parses/s, 0 binds/s, in 12849 B/s, out 27494 B/s, xact 34598 us, query 396 us, wait 1 us
global-tapping-prolific-2_pgbouncer  | 2026-02-25 11:29:20.969 UTC [1] LOG S-0x56e080d649d0: global-tapping-prolific-2/global-tapping-prolific-2@172.18.0.2:5432 closing because: server idle timeout (age=750s)
global-tapping-prolific-2_pgbouncer  | 2026-02-25 11:30:10.466 UTC [1] LOG stats: 3 xacts/s, 12 queries/s, 0 client parses/s, 0 server parses/s, 0 binds/s, in 12804 B/s, out 27535 B/s, xact 41530 us, query 352 us, wait 1 us
global-tapping-prolific-2_pgbouncer  | 2026-02-25 11:31:10.465 UTC [1] LOG stats: 3 xacts/s, 9 queries/s, 0 client parses/s, 0 server parses/s, 0 binds/s, in 9588 B/s, out 22809 B/s, xact 30331 us, query 346 us, wait 0 us
global-tapping-prolific-2_pgbouncer  | 2026-02-25 11:31:20.738 UTC [1] LOG S-0x56e080d649d0: global-tapping-prolific-2/global-tapping-prolific-2@172.18.0.2:5432 new connection to server (from 172.18.0.11:39944)
global-tapping-prolific-2_pgbouncer  | 2026-02-25 11:32:10.465 UTC [1] LOG stats: 3 xacts/s, 12 queries/s, 0 client parses/s, 0 server parses/s, 0 binds/s, in 12807 B/s, out 27625 B/s, xact 40575 us, query 375 us, wait 3 us
global-tapping-prolific-2_pgbouncer  | 2026-02-25 11:32:20.969 UTC [1] LOG S-0x56e080d65d10: global-tapping-prolific-2/global-tapping-prolific-2@172.18.0.2:5432 closing because: server idle timeout (age=602s)
global-tapping-prolific-2_pgbouncer  | 2026-02-25 11:33:10.466 UTC [1] LOG stats: 3 xacts/s, 9 queries/s, 0 client parses/s, 0 server parses/s, 0 binds/s, in 9588 B/s, out 22810 B/s, xact 23201 us, query 368 us, wait 0 us
global-tapping-prolific-2_pgbouncer  | 2026-02-25 11:33:20.739 UTC [1] LOG S-0x56e080d65d10: global-tapping-prolific-2/global-tapping-prolific-2@172.18.0.2:5432 new connection to server (from 172.18.0.11:59364)
worker_1-1                           | 2026-02-25 21:26:19,919 We found no assignment data for participant 147 with assignment ID 699e9dae8afcab5c5769de2f on Prolific!
global-tapping-prolific-2_pgbouncer  | 2026-02-25 11:34:10.466 UTC [1] LOG stats: 3 xacts/s, 12 queries/s, 0 client parses/s, 0 server parses/s, 0 binds/s, in 12805 B/s, out 27715 B/s, xact 38804 us, query 376 us, wait 12 us
worker_1-1                           | 2026-02-25 21:26:19,919 We found no assignment data for participant 128 with assignment ID 699e458f372e59730a383566 on Prolific!
worker_1-1                           | 2026-02-25 21:26:19,919 We found no assignment data for participant 148 with assignment ID 699eae2e48ab05b9b1e34276 on Prolific!
global-tapping-prolific-2_pgbouncer  | 2026-02-25 11:35:10.466 UTC [1] LOG stats: 3 xacts/s, 12 queries/s, 0 client parses/s, 0 server parses/s, 0 binds/s, in 12804 B/s, out 27721 B/s, xact 42954 us, query 379 us, wait 2 us
worker_1-1                           | 2026-02-25 21:26:19,919 We found no assignment data for participant 152 with assignment ID 699eb7f6f8e282e091975b28 on Prolific!
global-tapping-prolific-2_pgbouncer  | 2026-02-25 11:36:10.466 UTC [1] LOG stats: 3 xacts/s, 12 queries/s, 0 client parses/s, 0 server parses/s, 0 binds/s, in 12809 B/s, out 27873 B/s, xact 42850 us, query 355 us, wait 1 us
worker_1-1                           | 2026-02-25 21:26:19,919 We found no assignment data for participant 139 with assignment ID 699e67792e012d4eb3c47392 on Prolific!
global-tapping-prolific-2_pgbouncer  | 2026-02-25 11:36:20.968 UTC [1] LOG S-0x56e080d649d0: global-tapping-prolific-2/global-tapping-prolific-2@172.18.0.2:5432 closing because: server idle timeout (age=300s)
worker_1-1                           | 2026-02-25 21:26:19,919 We found no assignment data for participant 160 with assignment ID 699ee90939fb52d8f8e99fc9 on Prolific!
global-tapping-prolific-2_pgbouncer  | 2026-02-25 11:37:10.466 UTC [1] LOG stats: 3 xacts/s, 12 queries/s, 0 client parses/s, 0 server parses/s, 0 binds/s, in 12805 B/s, out 27844 B/s, xact 41830 us, query 384 us, wait 1 us
worker_1-1                           | 2026-02-25 21:26:19,919 We found no assignment data for participant 153 with assignment ID 699ec16fcf60a9fd427e4ef4 on Prolific!
global-tapping-prolific-2_pgbouncer  | 2026-02-25 11:38:10.464 UTC [1] LOG stats: 3 xacts/s, 9 queries/s, 0 client parses/s, 0 server parses/s, 0 binds/s, in 9588 B/s, out 22811 B/s, xact 22372 us, query 366 us, wait 0 us
worker_1-1                           | 2026-02-25 21:26:47,634 Prolific API request: {"URL": "https://api.prolific.com/api/v1/submissions/", "method": "GET", "args": {"params": {"study": "6997487a503e406a0e770fdf"}}}
global-tapping-prolific-2_pgbouncer  | 2026-02-25 11:38:20.741 UTC [1] LOG S-0x56e080d649d0: global-tapping-prolific-2/global-tapping-prolific-2@172.18.0.2:5432 new connection to server (from 172.18.0.11:57954)
worker_1-1                           | 2026-02-25 21:26:49,485 We found no assignment data for participant 65 with assignment ID 69991ae0d44fe04d4a285274 on Prolific!
global-tapping-prolific-2_pgbouncer  | 2026-02-25 11:39:10.465 UTC [1] LOG stats: 3 xacts/s, 12 queries/s, 0 client parses/s, 0 server parses/s, 0 binds/s, in 12807 B/s, out 28003 B/s, xact 44918 us, query 376 us, wait 3 us
worker_1-1                           | 2026-02-25 21:26:49,486 We found no assignment data for participant 21 with assignment ID 6997dd322d125a6b1ab5c862 on Prolific!
global-tapping-prolific-2_pgbouncer  | 2026-02-25 11:40:10.465 UTC [1] LOG stats: 3 xacts/s, 12 queries/s, 0 client parses/s, 0 server parses/s, 0 binds/s, in 12821 B/s, out 28056 B/s, xact 43346 us, query 360 us, wait 2 us
web-1                                | 76.182.149.80 - - [25/Feb/2026:14:40:29 +0000] "GET /timeline?unique_id=66de746bcfef35f46e85ed0f:699f0122b7ed367d6b1655f7 HTTP/1.1" 200 143761 "https://global-tapping-prolific-2.wtbw-prolific.cap-experiments.com/timeline?unique_id=66de746bcfef35f46e85ed0f:699f0122b7ed367d6b1655f7" "Mozilla/5.0 (Windows NT 10.0; Win64; x64) AppleWebKit/537.36 (KHTML, like Gecko) Chrome/145.0.0.0 Safari/537.36"
worker_1-1                           | 2026-02-25 21:26:49,486 We found no assignment data for participant 40 with assignment ID 69984dc91e7651749148312f on Prolific!
worker_1-1                           | 2026-02-25 21:26:49,486 We found no assignment data for participant 93 with assignment ID 6999bdddd50d3c92ecde3ae5 on Prolific!
web-1                                | 76.182.149.80 - - [25/Feb/2026:14:40:29 +0000] "GET /static/scripts/detectIncognito.min.js HTTP/1.1" 304 0 "https://global-tapping-prolific-2.wtbw-prolific.cap-experiments.com/timeline?unique_id=66de746bcfef35f46e85ed0f:699f0122b7ed367d6b1655f7" "Mozilla/5.0 (Windows NT 10.0; Win64; x64) AppleWebKit/537.36 (KHTML, like Gecko) Chrome/145.0.0.0 Safari/537.36"
worker_1-1                           | 2026-02-25 21:26:49,486 We found no assignment data for participant 129 with assignment ID 699e46f5a125ab79fd7c4de8 on Prolific!
web-1                                | 76.182.149.80 - - [25/Feb/2026:14:40:29 +0000] "GET /static/scripts/platform.min.js HTTP/1.1" 304 0 "https://global-tapping-prolific-2.wtbw-prolific.cap-experiments.com/timeline?unique_id=66de746bcfef35f46e85ed0f:699f0122b7ed367d6b1655f7" "Mozilla/5.0 (Windows NT 10.0; Win64; x64) AppleWebKit/537.36 (KHTML, like Gecko) Chrome/145.0.0.0 Safari/537.36"
worker_1-1                           | 2026-02-25 21:26:49,486 We found no assignment data for participant 70 with assignment ID 69994562226bcdff36cf694b on Prolific!
web-1                                | 76.182.149.80 - - [25/Feb/2026:14:40:30 +0000] "GET /static/css/fonts/inter.css HTTP/1.1" 304 0 "https://global-tapping-prolific-2.wtbw-prolific.cap-experiments.com/timeline?unique_id=66de746bcfef35f46e85ed0f:699f0122b7ed367d6b1655f7" "Mozilla/5.0 (Windows NT 10.0; Win64; x64) AppleWebKit/537.36 (KHTML, like Gecko) Chrome/145.0.0.0 Safari/537.36"
worker_1-1                           | 2026-02-25 21:26:49,486 We found no assignment data for participant 71 with assignment ID 6999459e17af29cd8cd0cc67 on Prolific!
worker_1-1                           | 2026-02-25 21:26:49,486 We found no assignment data for participant 144 with assignment ID 699e89ecb2b258c2605bdad3 on Prolific!
redis_global-tapping-prolific-2-1    | 1:M 25 Feb 2026 09:51:21.096 * 100 changes in 300 seconds. Saving...
worker_1-1                           | 2026-02-25 21:26:49,486 We found no assignment data for participant 46 with assignment ID 699871751fe0767fb5324620 on Prolific!
worker_1-1                           | 2026-02-25 21:26:49,486 We found no assignment data for participant 103 with assignment ID 6999fb43fed326838809899f on Prolific!
redis_global-tapping-prolific-2-1    | 1:M 25 Feb 2026 09:51:21.096 * Background saving started by pid 1709835
worker_1-1                           | 2026-02-25 21:26:49,486 We found no assignment data for participant 32 with assignment ID 699819421a1c7bf5da8ad45f on Prolific!
redis_global-tapping-prolific-2-1    | 1709835:C 25 Feb 2026 09:51:21.098 * BGSAVE done, 68 keys saved, 0 keys skipped, 20117 bytes written.
worker_1-1                           | 2026-02-25 21:26:49,486 We found no assignment data for participant 47 with assignment ID 6998737c1a5c5d00ae721a90 on Prolific!
redis_global-tapping-prolific-2-1    | 1709835:C 25 Feb 2026 09:51:21.100 * DB saved on disk
worker_1-1                           | 2026-02-25 21:26:49,487 We found no assignment data for participant 72 with assignment ID 69994f4985b88dc9a6c79478 on Prolific!
redis_global-tapping-prolific-2-1    | 1709835:C 25 Feb 2026 09:51:21.101 * Fork CoW for RDB: current 0 MB, peak 0 MB, average 0 MB
worker_1-1                           | 2026-02-25 21:26:49,487 We found no assignment data for participant 4 with assignment ID 699770f12a605876f5035830 on Prolific!
redis_global-tapping-prolific-2-1    | 1:M 25 Feb 2026 09:51:21.196 * Background saving terminated with success
worker_1-1                           | 2026-02-25 21:26:49,487 We found no assignment data for participant 115 with assignment ID 699dfa87477c5f427aabf096 on Prolific!
redis_global-tapping-prolific-2-1    | 1:M 25 Feb 2026 09:56:22.073 * 100 changes in 300 seconds. Saving...
worker_1-1                           | 2026-02-25 21:26:49,487 We found no assignment data for participant 123 with assignment ID 699e2f5b0ee772776c717071 on Prolific!
redis_global-tapping-prolific-2-1    | 1:M 25 Feb 2026 09:56:22.073 * Background saving started by pid 1710876
worker_1-1                           | 2026-02-25 21:26:49,487 We found no assignment data for participant 154 with assignment ID 699eca427ef5cb60abe02cd1 on Prolific!
redis_global-tapping-prolific-2-1    | 1710876:C 25 Feb 2026 09:56:22.075 * BGSAVE done, 66 keys saved, 0 keys skipped, 18681 bytes written.
worker_1-1                           | 2026-02-25 21:26:49,487 We found no assignment data for participant 92 with assignment ID 6999bc0cacf808f1d7e8f7b2 on Prolific!
redis_global-tapping-prolific-2-1    | 1710876:C 25 Feb 2026 09:56:22.081 * DB saved on disk
worker_1-1                           | 2026-02-25 21:26:49,487 We found no assignment data for participant 1 with assignment ID 69974dd3fdc9fc63aa57bb50 on Prolific!
redis_global-tapping-prolific-2-1    | 1710876:C 25 Feb 2026 09:56:22.082 * Fork CoW for RDB: current 0 MB, peak 0 MB, average 0 MB
worker_1-1                           | 2026-02-25 21:26:49,487 We found no assignment data for participant 94 with assignment ID 6999cbaff8a464c43920b567 on Prolific!
redis_global-tapping-prolific-2-1    | 1:M 25 Feb 2026 09:56:22.174 * Background saving terminated with success
worker_1-1                           | 2026-02-25 21:26:49,487 We found no assignment data for participant 49 with assignment ID 6998864b0fabb605bbf0a90d on Prolific!
redis_global-tapping-prolific-2-1    | 1:M 25 Feb 2026 10:01:23.044 * 100 changes in 300 seconds. Saving...
worker_1-1                           | 2026-02-25 21:26:49,487 We found no assignment data for participant 141 with assignment ID 699e72dc08511d93bf13dc8b on Prolific!
redis_global-tapping-prolific-2-1    | 1:M 25 Feb 2026 10:01:23.045 * Background saving started by pid 1711928
worker_1-1                           | 2026-02-25 21:26:49,487 We found no assignment data for participant 161 with assignment ID 699ee95ea91447963e319326 on Prolific!
redis_global-tapping-prolific-2-1    | 1711928:C 25 Feb 2026 10:01:23.046 * BGSAVE done, 66 keys saved, 0 keys skipped, 19243 bytes written.
worker_1-1                           | 2026-02-25 21:26:49,487 We found no assignment data for participant 17 with assignment ID 6997bf769d19fa727c97369c on Prolific!
redis_global-tapping-prolific-2-1    | 1711928:C 25 Feb 2026 10:01:23.053 * DB saved on disk
worker_1-1                           | 2026-02-25 21:26:49,487 We found no assignment data for participant 14 with assignment ID 6997b8a7fc3343b87a0a827c on Prolific!
redis_global-tapping-prolific-2-1    | 1711928:C 25 Feb 2026 10:01:23.053 * Fork CoW for RDB: current 0 MB, peak 0 MB, average 0 MB
worker_1-1                           | 2026-02-25 21:26:49,487 We found no assignment data for participant 101 with assignment ID 6999e51125f136832b43d574 on Prolific!
redis_global-tapping-prolific-2-1    | 1:M 25 Feb 2026 10:01:23.145 * Background saving terminated with success
worker_1-1                           | 2026-02-25 21:26:49,487 We found no assignment data for participant 22 with assignment ID 6997ddc1d46c06bd3cd3a6a5 on Prolific!
redis_global-tapping-prolific-2-1    | 1:M 25 Feb 2026 10:06:24.035 * 100 changes in 300 seconds. Saving...
worker_1-1                           | 2026-02-25 21:26:49,487 We found no assignment data for participant 15 with assignment ID 6997b99a4ad43eaaec45d740 on Prolific!
redis_global-tapping-prolific-2-1    | 1:M 25 Feb 2026 10:06:24.036 * Background saving started by pid 1712968
worker_1-1                           | 2026-02-25 21:26:49,487 We found no assignment data for participant 155 with assignment ID 699ecc45e5b2d3abadfbe10c on Prolific!
redis_global-tapping-prolific-2-1    | 1712968:C 25 Feb 2026 10:06:24.038 * BGSAVE done, 64 keys saved, 0 keys skipped, 17836 bytes written.
worker_1-1                           | 2026-02-25 21:26:49,487 We found no assignment data for participant 10 with assignment ID 69979a9a0aa77d9bac36cd23 on Prolific!
redis_global-tapping-prolific-2-1    | 1712968:C 25 Feb 2026 10:06:24.043 * DB saved on disk
worker_1-1                           | 2026-02-25 21:26:49,487 We found no assignment data for participant 38 with assignment ID 69984a07a50af875558e9f21 on Prolific!
redis_global-tapping-prolific-2-1    | 1712968:C 25 Feb 2026 10:06:24.043 * Fork CoW for RDB: current 0 MB, peak 0 MB, average 0 MB
worker_1-1                           | 2026-02-25 21:26:49,487 We found no assignment data for participant 41 with assignment ID 6998500973c59d5a2db48d54 on Prolific!
redis_global-tapping-prolific-2-1    | 1:M 25 Feb 2026 10:06:24.136 * Background saving terminated with success
worker_1-1                           | 2026-02-25 21:26:49,487 We found no assignment data for participant 51 with assignment ID 69989a080d6b74cd684f1f77 on Prolific!
redis_global-tapping-prolific-2-1    | 1:M 25 Feb 2026 10:11:25.024 * 100 changes in 300 seconds. Saving...
worker_1-1                           | 2026-02-25 21:26:49,487 We found no assignment data for participant 58 with assignment ID 6998ec13bcabc7e86621256d on Prolific!
redis_global-tapping-prolific-2-1    | 1:M 25 Feb 2026 10:11:25.024 * Background saving started by pid 1714025
worker_1-1                           | 2026-02-25 21:26:49,487 We found no assignment data for participant 57 with assignment ID 6998eae04fa5968c3be9f1fa on Prolific!
redis_global-tapping-prolific-2-1    | 1714025:C 25 Feb 2026 10:11:25.026 * BGSAVE done, 60 keys saved, 0 keys skipped, 16870 bytes written.
worker_1-1                           | 2026-02-25 21:26:49,487 We found no assignment data for participant 119 with assignment ID 699e1331268747f834c6b716 on Prolific!
redis_global-tapping-prolific-2-1    | 1714025:C 25 Feb 2026 10:11:25.032 * DB saved on disk
worker_1-1                           | 2026-02-25 21:26:49,487 We found no assignment data for participant 145 with assignment ID 699e8ba4555312f2b5458945 on Prolific!
redis_global-tapping-prolific-2-1    | 1714025:C 25 Feb 2026 10:11:25.032 * Fork CoW for RDB: current 0 MB, peak 0 MB, average 0 MB
worker_1-1                           | 2026-02-25 21:26:49,488 We found no assignment data for participant 25 with assignment ID 6997ec015f56b7842b3c40ef on Prolific!
redis_global-tapping-prolific-2-1    | 1:M 25 Feb 2026 10:11:25.124 * Background saving terminated with success
worker_1-1                           | 2026-02-25 21:26:49,488 We found no assignment data for participant 36 with assignment ID 69983405369299ff02f9a1b2 on Prolific!
redis_global-tapping-prolific-2-1    | 1:M 25 Feb 2026 10:16:26.095 * 100 changes in 300 seconds. Saving...
worker_1-1                           | 2026-02-25 21:26:49,488 We found no assignment data for participant 2 with assignment ID 69975103b69f44acaa970265 on Prolific!
redis_global-tapping-prolific-2-1    | 1:M 25 Feb 2026 10:16:26.095 * Background saving started by pid 1715076
worker_1-1                           | 2026-02-25 21:26:49,488 We found no assignment data for participant 118 with assignment ID 699e11789e5f91ba7c7f0c0c on Prolific!
web-1                                | 76.182.149.80 - - [25/Feb/2026:14:40:30 +0000] "GET /static/scripts/jquery-3.7.1.min.js HTTP/1.1" 304 0 "https://global-tapping-prolific-2.wtbw-prolific.cap-experiments.com/timeline?unique_id=66de746bcfef35f46e85ed0f:699f0122b7ed367d6b1655f7" "Mozilla/5.0 (Windows NT 10.0; Win64; x64) AppleWebKit/537.36 (KHTML, like Gecko) Chrome/145.0.0.0 Safari/537.36"
worker_1-1                           | 2026-02-25 21:26:49,488 We found no assignment data for participant 30 with assignment ID 69980a9442ba41dfdd3e4d37 on Prolific!
web-1                                | 76.182.149.80 - - [25/Feb/2026:14:40:30 +0000] "GET /static/scripts/JSZip/jszip.min.js HTTP/1.1" 304 0 "https://global-tapping-prolific-2.wtbw-prolific.cap-experiments.com/timeline?unique_id=66de746bcfef35f46e85ed0f:699f0122b7ed367d6b1655f7" "Mozilla/5.0 (Windows NT 10.0; Win64; x64) AppleWebKit/537.36 (KHTML, like Gecko) Chrome/145.0.0.0 Safari/537.36"
worker_1-1                           | 2026-02-25 21:26:49,488 We found no assignment data for participant 33 with assignment ID 699824f92ce73a317045fa9b on Prolific!
web-1                                | 76.182.149.80 - - [25/Feb/2026:14:40:30 +0000] "GET /static/css/bootstrap.min.css HTTP/1.1" 304 0 "https://global-tapping-prolific-2.wtbw-prolific.cap-experiments.com/timeline?unique_id=66de746bcfef35f46e85ed0f:699f0122b7ed367d6b1655f7" "Mozilla/5.0 (Windows NT 10.0; Win64; x64) AppleWebKit/537.36 (KHTML, like Gecko) Chrome/145.0.0.0 Safari/537.36"
